// Jest Snapshot v1, https://goo.gl/fbAQLP

exports[`ExportMenu component will check the values and props of component 1`] = `
<Fragment>
  <WithStyles(ForwardRef(Button))
    aria-controls="export-menu"
    aria-haspopup="true"
    className="Mui-disabled"
    color="primary"
    id="export-button"
    onClick={[Function]}
    size="large"
    style={
      Object {
        "bottom": "45px",
        "left": "140px",
        "padding": "0 10px",
      }
    }
    variant="contained"
  >
    export
  </WithStyles(ForwardRef(Button))>
  <WithStyles(ForwardRef(Menu))
    anchorEl={null}
    id="menu-component"
    keepMounted={true}
    onClose={[Function]}
    open={false}
    style={
      Object {
        "top": "30px",
      }
    }
  >
    <MenuItems
      id="menuItems-component"
      items={
        Array [
          "Undefined",
        ]
      }
      onExport={[Function]}
    />
  </WithStyles(ForwardRef(Menu))>
  <AlertDialog
    alertMessage={null}
    onClose={[Function]}
    openDialog={false}
  />
</Fragment>
`;
